// Jest Snapshot v1, https://goo.gl/fbAQLP

exports[`Page component matches snapshot 1`] = `
<DocumentFragment>
  <div>
    <canvas
      style="width: 100%; height: 100%; position: absolute; z-index: -1; top: 0px; left: 0px;"
    />
  </div>
</DocumentFragment>
`;
