// Jest Snapshot v1, https://goo.gl/fbAQLP

exports[`Footer component matches snapshot 1`] = `
<DocumentFragment>
  <footer
    class="footer"
  >
    <a
      href="https://github.com/MBrassey"
      rel="noopener noreferrer"
      target="_blank"
    >
      <i
        class="fab fa-github"
      />
    </a>
    <a
      href="https://www.linkedin.com/in/mbrassey/"
      rel="noopener noreferrer"
      target="_blank"
    >
      <i
        class="fab fa-linkedin"
      />
    </a>
    <a
      href="mailto:matt@brassey.io"
      rel="noopener noreferrer"
      target="_blank"
    >
      <i
        class="far fa-envelope"
      />
    </a>
  </footer>
</DocumentFragment>
`;
